// Jest Snapshot v1, https://goo.gl/fbAQLP

exports[`App renders as expected 1`] = `
<Suspense
  fallback={
    <div>
      Loading...
    </div>
  }
>
  <Memo(GlobalStyleComponent) />
  <styled.div>
    <Router />
  </styled.div>
  <Footer />
</Suspense>
`;
