// Jest Snapshot v1, https://goo.gl/fbAQLP

exports[`Routes renders the right routes 1`] = `
<Router>
  <Home
    default={true}
    path="/"
  />
</Router>
`;
